"table": {
	"row": {
		"hashPref": 00,
		"bucket": {
			"hashLength": 2,
			"pokes": [
				"poke": {
					"hash": 0011,
					"pokeKey": 19,
					"pokeName": Psyduck,
					"pokePower": 424,
					"pokeType": Dark
				},
				"poke": {
					"hash": 0001,
					"pokeKey": 1,
					"pokeName": Stunky,
					"pokePower": 170,
					"pokeType": Psychic
				},
				"poke": {
					"hash": 0001,
					"pokeKey": 17,
					"pokeName": Sharpedo,
					"pokePower": 145,
					"pokeType": Fire
				}
			]
		}
	},
	"row": {
		"hashPref": 01,
		"bucket": {
			"hashLength": 2,
			"pokes": [
				"poke": {
					"hash": 0100,
					"pokeKey": 4,
					"pokeName": Grubbin,
					"pokePower": 46,
					"pokeType": Water
				},
				"poke": {
					"hash": 0101,
					"pokeKey": 5,
					"pokeName": Swoobat,
					"pokePower": 800,
					"pokeType": Electric
				}
			]
		}
	},
	"row": {
		"hashPref": 10,
		"bucket": {
			"hashLength": 1,
			"pokes": [
				"poke": {
					"hash": 1011,
					"pokeKey": 11,
					"pokeName": Cherubi,
					"pokePower": 131,
					"pokeType": Grass
				},
				"poke": {
					"hash": 1100,
					"pokeKey": 12,
					"pokeName": Poliwag,
					"pokePower": 469,
					"pokeType": Grass
				}
			]
		}
	},
	"row": {
		"hashPref": 11,
		"bucket": {
			"hashLength": 1,
			"pokes": [
				"poke": {
					"hash": 1011,
					"pokeKey": 11,
					"pokeName": Cherubi,
					"pokePower": 131,
					"pokeType": Grass
				},
				"poke": {
					"hash": 1100,
					"pokeKey": 12,
					"pokeName": Poliwag,
					"pokePower": 469,
					"pokeType": Grass
				}
			]
		}
	}
}
"table": {
	"row": {
		"hashPref": 00,
		"bucket": {
			"hashLength": 2,
			"pokes": [
				"poke": {
					"hash": 0011,
					"pokeKey": 19,
					"pokeName": Psyduck,
					"pokePower": 424,
					"pokeType": Dark
				},
				"poke": {
					"hash": 0001,
					"pokeKey": 1,
					"pokeName": Stunky,
					"pokePower": 170,
					"pokeType": Psychic
				},
				"poke": {
					"hash": 0001,
					"pokeKey": 17,
					"pokeName": Sharpedo,
					"pokePower": 145,
					"pokeType": Fire
				}
			]
		}
	},
	"row": {
		"hashPref": 01,
		"bucket": {
			"hashLength": 2,
			"pokes": [
				"poke": {
					"hash": 0100,
					"pokeKey": 4,
					"pokeName": Grubbin,
					"pokePower": 46,
					"pokeType": Water
				},
				"poke": {
					"hash": 0101,
					"pokeKey": 5,
					"pokeName": Swoobat,
					"pokePower": 800,
					"pokeType": Electric
				}
			]
		}
	},
	"row": {
		"hashPref": 10,
		"bucket": {
			"hashLength": 2,
			"pokes": [
				"poke": {
					"hash": 1011,
					"pokeKey": 11,
					"pokeName": Cherubi,
					"pokePower": 131,
					"pokeType": Grass
				},
				"poke": {
					"hash": 1000,
					"pokeKey": 8,
					"pokeName": Cloyster,
					"pokePower": 717,
					"pokeType": Dark
				},
				"poke": {
					"hash": 1001,
					"pokeKey": 9,
					"pokeName": Sawsbuck,
					"pokePower": 429,
					"pokeType": Water
				}
			]
		}
	},
	"row": {
		"hashPref": 11,
		"bucket": {
			"hashLength": 2,
			"pokes": [
				"poke": {
					"hash": 1100,
					"pokeKey": 12,
					"pokeName": Poliwag,
					"pokePower": 469,
					"pokeType": Grass
				},
				"poke": {
					"hash": 1101,
					"pokeKey": 13,
					"pokeName": Mankey,
					"pokePower": 86,
					"pokeType": Fire
				}
			]
		}
	}
}
"table": {
	"row": {
		"hashPref": 0000,
		"bucket": {
			"hashLength": 4,
			"pokes": [
				"poke": {
					"hash": 0000,
					"pokeKey": 16,
					"pokeName": Chewtle,
					"pokePower": 243,
					"pokeType": Fire
				},
				"poke": {
					"hash": 0000,
					"pokeKey": 0,
					"pokeName": Drednaw,
					"pokePower": 538,
					"pokeType": Fire
				}
			]
		}
	},
	"row": {
		"hashPref": 0001,
		"bucket": {
			"hashLength": 4,
			"pokes": [
				"poke": {
					"hash": 0001,
					"pokeKey": 1,
					"pokeName": Stunky,
					"pokePower": 170,
					"pokeType": Psychic
				},
				"poke": {
					"hash": 0001,
					"pokeKey": 17,
					"pokeName": Sharpedo,
					"pokePower": 145,
					"pokeType": Fire
				}
			]
		}
	},
	"row": {
		"hashPref": 0010,
		"bucket": {
			"hashLength": 3,
			"pokes": [
				"poke": {
					"hash": 0011,
					"pokeKey": 19,
					"pokeName": Psyduck,
					"pokePower": 424,
					"pokeType": Dark
				},
				"poke": {
					"hash": 0011,
					"pokeKey": 3,
					"pokeName": Gogoat,
					"pokePower": 844,
					"pokeType": Grass
				}
			]
		}
	},
	"row": {
		"hashPref": 0011,
		"bucket": {
			"hashLength": 3,
			"pokes": [
				"poke": {
					"hash": 0011,
					"pokeKey": 19,
					"pokeName": Psyduck,
					"pokePower": 424,
					"pokeType": Dark
				},
				"poke": {
					"hash": 0011,
					"pokeKey": 3,
					"pokeName": Gogoat,
					"pokePower": 844,
					"pokeType": Grass
				}
			]
		}
	},
	"row": {
		"hashPref": 0100,
		"bucket": {
			"hashLength": 2,
			"pokes": [
				"poke": {
					"hash": 0100,
					"pokeKey": 4,
					"pokeName": Grubbin,
					"pokePower": 46,
					"pokeType": Water
				},
				"poke": {
					"hash": 0101,
					"pokeKey": 5,
					"pokeName": Swoobat,
					"pokePower": 800,
					"pokeType": Electric
				},
				"poke": {
					"hash": 0110,
					"pokeKey": 6,
					"pokeName": Latios,
					"pokePower": 457,
					"pokeType": Water
				}
			]
		}
	},
	"row": {
		"hashPref": 0101,
		"bucket": {
			"hashLength": 2,
			"pokes": [
				"poke": {
					"hash": 0100,
					"pokeKey": 4,
					"pokeName": Grubbin,
					"pokePower": 46,
					"pokeType": Water
				},
				"poke": {
					"hash": 0101,
					"pokeKey": 5,
					"pokeName": Swoobat,
					"pokePower": 800,
					"pokeType": Electric
				},
				"poke": {
					"hash": 0110,
					"pokeKey": 6,
					"pokeName": Latios,
					"pokePower": 457,
					"pokeType": Water
				}
			]
		}
	},
	"row": {
		"hashPref": 0110,
		"bucket": {
			"hashLength": 2,
			"pokes": [
				"poke": {
					"hash": 0100,
					"pokeKey": 4,
					"pokeName": Grubbin,
					"pokePower": 46,
					"pokeType": Water
				},
				"poke": {
					"hash": 0101,
					"pokeKey": 5,
					"pokeName": Swoobat,
					"pokePower": 800,
					"pokeType": Electric
				},
				"poke": {
					"hash": 0110,
					"pokeKey": 6,
					"pokeName": Latios,
					"pokePower": 457,
					"pokeType": Water
				}
			]
		}
	},
	"row": {
		"hashPref": 0111,
		"bucket": {
			"hashLength": 2,
			"pokes": [
				"poke": {
					"hash": 0100,
					"pokeKey": 4,
					"pokeName": Grubbin,
					"pokePower": 46,
					"pokeType": Water
				},
				"poke": {
					"hash": 0101,
					"pokeKey": 5,
					"pokeName": Swoobat,
					"pokePower": 800,
					"pokeType": Electric
				},
				"poke": {
					"hash": 0110,
					"pokeKey": 6,
					"pokeName": Latios,
					"pokePower": 457,
					"pokeType": Water
				}
			]
		}
	},
	"row": {
		"hashPref": 1000,
		"bucket": {
			"hashLength": 3,
			"pokes": [
				"poke": {
					"hash": 1000,
					"pokeKey": 8,
					"pokeName": Cloyster,
					"pokePower": 717,
					"pokeType": Dark
				},
				"poke": {
					"hash": 1001,
					"pokeKey": 9,
					"pokeName": Sawsbuck,
					"pokePower": 429,
					"pokeType": Water
				}
			]
		}
	},
	"row": {
		"hashPref": 1001,
		"bucket": {
			"hashLength": 3,
			"pokes": [
				"poke": {
					"hash": 1000,
					"pokeKey": 8,
					"pokeName": Cloyster,
					"pokePower": 717,
					"pokeType": Dark
				},
				"poke": {
					"hash": 1001,
					"pokeKey": 9,
					"pokeName": Sawsbuck,
					"pokePower": 429,
					"pokeType": Water
				}
			]
		}
	},
	"row": {
		"hashPref": 1010,
		"bucket": {
			"hashLength": 3,
			"pokes": [
				"poke": {
					"hash": 1011,
					"pokeKey": 11,
					"pokeName": Cherubi,
					"pokePower": 131,
					"pokeType": Grass
				},
				"poke": {
					"hash": 1010,
					"pokeKey": 10,
					"pokeName": Anorith,
					"pokePower": 271,
					"pokeType": Psychic
				}
			]
		}
	},
	"row": {
		"hashPref": 1011,
		"bucket": {
			"hashLength": 3,
			"pokes": [
				"poke": {
					"hash": 1011,
					"pokeKey": 11,
					"pokeName": Cherubi,
					"pokePower": 131,
					"pokeType": Grass
				},
				"poke": {
					"hash": 1010,
					"pokeKey": 10,
					"pokeName": Anorith,
					"pokePower": 271,
					"pokeType": Psychic
				}
			]
		}
	},
	"row": {
		"hashPref": 1100,
		"bucket": {
			"hashLength": 2,
			"pokes": [
				"poke": {
					"hash": 1100,
					"pokeKey": 12,
					"pokeName": Poliwag,
					"pokePower": 469,
					"pokeType": Grass
				},
				"poke": {
					"hash": 1101,
					"pokeKey": 13,
					"pokeName": Mankey,
					"pokePower": 86,
					"pokeType": Fire
				},
				"poke": {
					"hash": 1110,
					"pokeKey": 14,
					"pokeName": Moltres,
					"pokePower": 840,
					"pokeType": Electric
				}
			]
		}
	},
	"row": {
		"hashPref": 1101,
		"bucket": {
			"hashLength": 2,
			"pokes": [
				"poke": {
					"hash": 1100,
					"pokeKey": 12,
					"pokeName": Poliwag,
					"pokePower": 469,
					"pokeType": Grass
				},
				"poke": {
					"hash": 1101,
					"pokeKey": 13,
					"pokeName": Mankey,
					"pokePower": 86,
					"pokeType": Fire
				},
				"poke": {
					"hash": 1110,
					"pokeKey": 14,
					"pokeName": Moltres,
					"pokePower": 840,
					"pokeType": Electric
				}
			]
		}
	},
	"row": {
		"hashPref": 1110,
		"bucket": {
			"hashLength": 2,
			"pokes": [
				"poke": {
					"hash": 1100,
					"pokeKey": 12,
					"pokeName": Poliwag,
					"pokePower": 469,
					"pokeType": Grass
				},
				"poke": {
					"hash": 1101,
					"pokeKey": 13,
					"pokeName": Mankey,
					"pokePower": 86,
					"pokeType": Fire
				},
				"poke": {
					"hash": 1110,
					"pokeKey": 14,
					"pokeName": Moltres,
					"pokePower": 840,
					"pokeType": Electric
				}
			]
		}
	},
	"row": {
		"hashPref": 1111,
		"bucket": {
			"hashLength": 2,
			"pokes": [
				"poke": {
					"hash": 1100,
					"pokeKey": 12,
					"pokeName": Poliwag,
					"pokePower": 469,
					"pokeType": Grass
				},
				"poke": {
					"hash": 1101,
					"pokeKey": 13,
					"pokeName": Mankey,
					"pokePower": 86,
					"pokeType": Fire
				},
				"poke": {
					"hash": 1110,
					"pokeKey": 14,
					"pokeName": Moltres,
					"pokePower": 840,
					"pokeType": Electric
				}
			]
		}
	}
}
"table": {
	"row": {
		"hashPref": 0000,
		"bucket": {
			"hashLength": 4,
			"pokes": [
				"poke": {
					"hash": 0000,
					"pokeKey": 16,
					"pokeName": Chewtle,
					"pokePower": 243,
					"pokeType": Fire
				},
				"poke": {
					"hash": 0000,
					"pokeKey": 0,
					"pokeName": Drednaw,
					"pokePower": 538,
					"pokeType": Fire
				}
			]
		}
	},
	"row": {
		"hashPref": 0001,
		"bucket": {
			"hashLength": 4,
			"pokes": [
				"poke": {
					"hash": 0001,
					"pokeKey": 1,
					"pokeName": Stunky,
					"pokePower": 170,
					"pokeType": Psychic
				},
				"poke": {
					"hash": 0001,
					"pokeKey": 17,
					"pokeName": Sharpedo,
					"pokePower": 145,
					"pokeType": Fire
				}
			]
		}
	},
	"row": {
		"hashPref": 0010,
		"bucket": {
			"hashLength": 4,
			"pokes": [
				"poke": {
					"hash": 0010,
					"pokeKey": 18,
					"pokeName": Geodude,
					"pokePower": 298,
					"pokeType": Grass
				},
				"poke": {
					"hash": 0010,
					"pokeKey": 2,
					"pokeName": Garchomp,
					"pokePower": 947,
					"pokeType": Water
				}
			]
		}
	},
	"row": {
		"hashPref": 0011,
		"bucket": {
			"hashLength": 4,
			"pokes": [
				"poke": {
					"hash": 0011,
					"pokeKey": 19,
					"pokeName": Psyduck,
					"pokePower": 424,
					"pokeType": Dark
				},
				"poke": {
					"hash": 0011,
					"pokeKey": 3,
					"pokeName": Gogoat,
					"pokePower": 844,
					"pokeType": Grass
				}
			]
		}
	},
	"row": {
		"hashPref": 0100,
		"bucket": {
			"hashLength": 3,
			"pokes": [
				"poke": {
					"hash": 0100,
					"pokeKey": 4,
					"pokeName": Grubbin,
					"pokePower": 46,
					"pokeType": Water
				},
				"poke": {
					"hash": 0101,
					"pokeKey": 5,
					"pokeName": Swoobat,
					"pokePower": 800,
					"pokeType": Electric
				}
			]
		}
	},
	"row": {
		"hashPref": 0101,
		"bucket": {
			"hashLength": 3,
			"pokes": [
				"poke": {
					"hash": 0100,
					"pokeKey": 4,
					"pokeName": Grubbin,
					"pokePower": 46,
					"pokeType": Water
				},
				"poke": {
					"hash": 0101,
					"pokeKey": 5,
					"pokeName": Swoobat,
					"pokePower": 800,
					"pokeType": Electric
				}
			]
		}
	},
	"row": {
		"hashPref": 0110,
		"bucket": {
			"hashLength": 3,
			"pokes": [
				"poke": {
					"hash": 0110,
					"pokeKey": 6,
					"pokeName": Latios,
					"pokePower": 457,
					"pokeType": Water
				},
				"poke": {
					"hash": 0111,
					"pokeKey": 7,
					"pokeName": Dottler,
					"pokePower": 621,
					"pokeType": Grass
				}
			]
		}
	},
	"row": {
		"hashPref": 0111,
		"bucket": {
			"hashLength": 3,
			"pokes": [
				"poke": {
					"hash": 0110,
					"pokeKey": 6,
					"pokeName": Latios,
					"pokePower": 457,
					"pokeType": Water
				},
				"poke": {
					"hash": 0111,
					"pokeKey": 7,
					"pokeName": Dottler,
					"pokePower": 621,
					"pokeType": Grass
				}
			]
		}
	},
	"row": {
		"hashPref": 1000,
		"bucket": {
			"hashLength": 3,
			"pokes": [
				"poke": {
					"hash": 1000,
					"pokeKey": 8,
					"pokeName": Cloyster,
					"pokePower": 717,
					"pokeType": Dark
				},
				"poke": {
					"hash": 1001,
					"pokeKey": 9,
					"pokeName": Sawsbuck,
					"pokePower": 429,
					"pokeType": Water
				}
			]
		}
	},
	"row": {
		"hashPref": 1001,
		"bucket": {
			"hashLength": 3,
			"pokes": [
				"poke": {
					"hash": 1000,
					"pokeKey": 8,
					"pokeName": Cloyster,
					"pokePower": 717,
					"pokeType": Dark
				},
				"poke": {
					"hash": 1001,
					"pokeKey": 9,
					"pokeName": Sawsbuck,
					"pokePower": 429,
					"pokeType": Water
				}
			]
		}
	},
	"row": {
		"hashPref": 1010,
		"bucket": {
			"hashLength": 3,
			"pokes": [
				"poke": {
					"hash": 1011,
					"pokeKey": 11,
					"pokeName": Cherubi,
					"pokePower": 131,
					"pokeType": Grass
				},
				"poke": {
					"hash": 1010,
					"pokeKey": 10,
					"pokeName": Anorith,
					"pokePower": 271,
					"pokeType": Psychic
				}
			]
		}
	},
	"row": {
		"hashPref": 1011,
		"bucket": {
			"hashLength": 3,
			"pokes": [
				"poke": {
					"hash": 1011,
					"pokeKey": 11,
					"pokeName": Cherubi,
					"pokePower": 131,
					"pokeType": Grass
				},
				"poke": {
					"hash": 1010,
					"pokeKey": 10,
					"pokeName": Anorith,
					"pokePower": 271,
					"pokeType": Psychic
				}
			]
		}
	},
	"row": {
		"hashPref": 1100,
		"bucket": {
			"hashLength": 3,
			"pokes": [
				"poke": {
					"hash": 1100,
					"pokeKey": 12,
					"pokeName": Poliwag,
					"pokePower": 469,
					"pokeType": Grass
				},
				"poke": {
					"hash": 1101,
					"pokeKey": 13,
					"pokeName": Mankey,
					"pokePower": 86,
					"pokeType": Fire
				}
			]
		}
	},
	"row": {
		"hashPref": 1101,
		"bucket": {
			"hashLength": 3,
			"pokes": [
				"poke": {
					"hash": 1100,
					"pokeKey": 12,
					"pokeName": Poliwag,
					"pokePower": 469,
					"pokeType": Grass
				},
				"poke": {
					"hash": 1101,
					"pokeKey": 13,
					"pokeName": Mankey,
					"pokePower": 86,
					"pokeType": Fire
				}
			]
		}
	},
	"row": {
		"hashPref": 1110,
		"bucket": {
			"hashLength": 3,
			"pokes": [
				"poke": {
					"hash": 1110,
					"pokeKey": 14,
					"pokeName": Moltres,
					"pokePower": 840,
					"pokeType": Electric
				},
				"poke": {
					"hash": 1111,
					"pokeKey": 15,
					"pokeName": Mamoswine,
					"pokePower": 932,
					"pokeType": Dark
				}
			]
		}
	},
	"row": {
		"hashPref": 1111,
		"bucket": {
			"hashLength": 3,
			"pokes": [
				"poke": {
					"hash": 1110,
					"pokeKey": 14,
					"pokeName": Moltres,
					"pokePower": 840,
					"pokeType": Electric
				},
				"poke": {
					"hash": 1111,
					"pokeKey": 15,
					"pokeName": Mamoswine,
					"pokePower": 932,
					"pokeType": Dark
				}
			]
		}
	}
}
"table": {
	"row": {
		"hashPref": 0000,
		"bucket": {
			"hashLength": 4,
			"pokes": [
				"poke": {
					"hash": 0000,
					"pokeKey": 16,
					"pokeName": Chewtle,
					"pokePower": 243,
					"pokeType": Fire
				},
				"poke": {
					"hash": 0000,
					"pokeKey": 0,
					"pokeName": Drednaw,
					"pokePower": 538,
					"pokeType": Fire
				}
			]
		}
	},
	"row": {
		"hashPref": 0001,
		"bucket": {
			"hashLength": 4,
			"pokes": [
				"poke": {
					"hash": 0001,
					"pokeKey": 1,
					"pokeName": Stunky,
					"pokePower": 170,
					"pokeType": Psychic
				},
				"poke": {
					"hash": 0001,
					"pokeKey": 17,
					"pokeName": Sharpedo,
					"pokePower": 145,
					"pokeType": Fire
				}
			]
		}
	},
	"row": {
		"hashPref": 0010,
		"bucket": {
			"hashLength": 4,
			"pokes": [
				"poke": {
					"hash": 0010,
					"pokeKey": 18,
					"pokeName": Geodude,
					"pokePower": 298,
					"pokeType": Grass
				},
				"poke": {
					"hash": 0010,
					"pokeKey": 2,
					"pokeName": Garchomp,
					"pokePower": 947,
					"pokeType": Water
				}
			]
		}
	},
	"row": {
		"hashPref": 0011,
		"bucket": {
			"hashLength": 4,
			"pokes": [
				"poke": {
					"hash": 0011,
					"pokeKey": 19,
					"pokeName": Psyduck,
					"pokePower": 424,
					"pokeType": Dark
				},
				"poke": {
					"hash": 0011,
					"pokeKey": 3,
					"pokeName": Gogoat,
					"pokePower": 844,
					"pokeType": Grass
				}
			]
		}
	},
	"row": {
		"hashPref": 0100,
		"bucket": {
			"hashLength": 3,
			"pokes": [
				"poke": {
					"hash": 0100,
					"pokeKey": 4,
					"pokeName": Grubbin,
					"pokePower": 46,
					"pokeType": Water
				},
				"poke": {
					"hash": 0101,
					"pokeKey": 5,
					"pokeName": Swoobat,
					"pokePower": 800,
					"pokeType": Electric
				}
			]
		}
	},
	"row": {
		"hashPref": 0101,
		"bucket": {
			"hashLength": 3,
			"pokes": [
				"poke": {
					"hash": 0100,
					"pokeKey": 4,
					"pokeName": Grubbin,
					"pokePower": 46,
					"pokeType": Water
				},
				"poke": {
					"hash": 0101,
					"pokeKey": 5,
					"pokeName": Swoobat,
					"pokePower": 800,
					"pokeType": Electric
				}
			]
		}
	},
	"row": {
		"hashPref": 0110,
		"bucket": {
			"hashLength": 3,
			"pokes": [
				"poke": {
					"hash": 0110,
					"pokeKey": 6,
					"pokeName": Latios,
					"pokePower": 457,
					"pokeType": Water
				},
				"poke": {
					"hash": 0111,
					"pokeKey": 7,
					"pokeName": Dottler,
					"pokePower": 621,
					"pokeType": Grass
				}
			]
		}
	},
	"row": {
		"hashPref": 0111,
		"bucket": {
			"hashLength": 3,
			"pokes": [
				"poke": {
					"hash": 0110,
					"pokeKey": 6,
					"pokeName": Latios,
					"pokePower": 457,
					"pokeType": Water
				},
				"poke": {
					"hash": 0111,
					"pokeKey": 7,
					"pokeName": Dottler,
					"pokePower": 621,
					"pokeType": Grass
				}
			]
		}
	},
	"row": {
		"hashPref": 1000,
		"bucket": {
			"hashLength": 3,
			"pokes": [
				"poke": {
					"hash": 1000,
					"pokeKey": 8,
					"pokeName": Cloyster,
					"pokePower": 717,
					"pokeType": Dark
				},
				"poke": {
					"hash": 1001,
					"pokeKey": 9,
					"pokeName": Sawsbuck,
					"pokePower": 429,
					"pokeType": Water
				}
			]
		}
	},
	"row": {
		"hashPref": 1001,
		"bucket": {
			"hashLength": 3,
			"pokes": [
				"poke": {
					"hash": 1000,
					"pokeKey": 8,
					"pokeName": Cloyster,
					"pokePower": 717,
					"pokeType": Dark
				},
				"poke": {
					"hash": 1001,
					"pokeKey": 9,
					"pokeName": Sawsbuck,
					"pokePower": 429,
					"pokeType": Water
				}
			]
		}
	},
	"row": {
		"hashPref": 1010,
		"bucket": {
			"hashLength": 3,
			"pokes": [
				"poke": {
					"hash": 1011,
					"pokeKey": 11,
					"pokeName": Cherubi,
					"pokePower": 131,
					"pokeType": Grass
				},
				"poke": {
					"hash": 1010,
					"pokeKey": 10,
					"pokeName": Anorith,
					"pokePower": 271,
					"pokeType": Psychic
				}
			]
		}
	},
	"row": {
		"hashPref": 1011,
		"bucket": {
			"hashLength": 3,
			"pokes": [
				"poke": {
					"hash": 1011,
					"pokeKey": 11,
					"pokeName": Cherubi,
					"pokePower": 131,
					"pokeType": Grass
				},
				"poke": {
					"hash": 1010,
					"pokeKey": 10,
					"pokeName": Anorith,
					"pokePower": 271,
					"pokeType": Psychic
				}
			]
		}
	},
	"row": {
		"hashPref": 1100,
		"bucket": {
			"hashLength": 3,
			"pokes": [
				"poke": {
					"hash": 1100,
					"pokeKey": 12,
					"pokeName": Poliwag,
					"pokePower": 469,
					"pokeType": Grass
				},
				"poke": {
					"hash": 1101,
					"pokeKey": 13,
					"pokeName": Mankey,
					"pokePower": 86,
					"pokeType": Fire
				}
			]
		}
	},
	"row": {
		"hashPref": 1101,
		"bucket": {
			"hashLength": 3,
			"pokes": [
				"poke": {
					"hash": 1100,
					"pokeKey": 12,
					"pokeName": Poliwag,
					"pokePower": 469,
					"pokeType": Grass
				},
				"poke": {
					"hash": 1101,
					"pokeKey": 13,
					"pokeName": Mankey,
					"pokePower": 86,
					"pokeType": Fire
				}
			]
		}
	},
	"row": {
		"hashPref": 1110,
		"bucket": {
			"hashLength": 3,
			"pokes": [
				"poke": {
					"hash": 1110,
					"pokeKey": 14,
					"pokeName": Moltres,
					"pokePower": 840,
					"pokeType": Electric
				},
				"poke": {
					"hash": 1111,
					"pokeKey": 15,
					"pokeName": Mamoswine,
					"pokePower": 932,
					"pokeType": Dark
				}
			]
		}
	},
	"row": {
		"hashPref": 1111,
		"bucket": {
			"hashLength": 3,
			"pokes": [
				"poke": {
					"hash": 1110,
					"pokeKey": 14,
					"pokeName": Moltres,
					"pokePower": 840,
					"pokeType": Electric
				},
				"poke": {
					"hash": 1111,
					"pokeKey": 15,
					"pokeName": Mamoswine,
					"pokePower": 932,
					"pokeType": Dark
				}
			]
		}
	}
}
"table": {
	"row": {
		"hashPref": 0000,
		"bucket": {
			"hashLength": 4,
			"pokes": [
				"poke": {
					"hash": 0000,
					"pokeKey": 16,
					"pokeName": Chewtle,
					"pokePower": 243,
					"pokeType": Fire
				},
				"poke": {
					"hash": 0000,
					"pokeKey": 0,
					"pokeName": Drednaw,
					"pokePower": 538,
					"pokeType": Fire
				}
			]
		}
	},
	"row": {
		"hashPref": 0001,
		"bucket": {
			"hashLength": 4,
			"pokes": [
				"poke": {
					"hash": 0001,
					"pokeKey": 1,
					"pokeName": Stunky,
					"pokePower": 170,
					"pokeType": Psychic
				},
				"poke": {
					"hash": 0001,
					"pokeKey": 17,
					"pokeName": Sharpedo,
					"pokePower": 145,
					"pokeType": Fire
				}
			]
		}
	},
	"row": {
		"hashPref": 0010,
		"bucket": {
			"hashLength": 4,
			"pokes": [
				"poke": {
					"hash": 0010,
					"pokeKey": 18,
					"pokeName": Geodude,
					"pokePower": 298,
					"pokeType": Grass
				},
				"poke": {
					"hash": 0010,
					"pokeKey": 2,
					"pokeName": Garchomp,
					"pokePower": 947,
					"pokeType": Water
				}
			]
		}
	},
	"row": {
		"hashPref": 0011,
		"bucket": {
			"hashLength": 4,
			"pokes": [
				"poke": {
					"hash": 0011,
					"pokeKey": 19,
					"pokeName": Psyduck,
					"pokePower": 424,
					"pokeType": Dark
				},
				"poke": {
					"hash": 0011,
					"pokeKey": 3,
					"pokeName": Gogoat,
					"pokePower": 844,
					"pokeType": Grass
				}
			]
		}
	},
	"row": {
		"hashPref": 0100,
		"bucket": {
			"hashLength": 3,
			"pokes": [
				"poke": {
					"hash": 0100,
					"pokeKey": 4,
					"pokeName": Grubbin,
					"pokePower": 46,
					"pokeType": Water
				},
				"poke": {
					"hash": 0101,
					"pokeKey": 5,
					"pokeName": Swoobat,
					"pokePower": 800,
					"pokeType": Electric
				}
			]
		}
	},
	"row": {
		"hashPref": 0101,
		"bucket": {
			"hashLength": 3,
			"pokes": [
				"poke": {
					"hash": 0100,
					"pokeKey": 4,
					"pokeName": Grubbin,
					"pokePower": 46,
					"pokeType": Water
				},
				"poke": {
					"hash": 0101,
					"pokeKey": 5,
					"pokeName": Swoobat,
					"pokePower": 800,
					"pokeType": Electric
				}
			]
		}
	},
	"row": {
		"hashPref": 0110,
		"bucket": {
			"hashLength": 3,
			"pokes": [
				"poke": {
					"hash": 0110,
					"pokeKey": 6,
					"pokeName": Latios,
					"pokePower": 457,
					"pokeType": Water
				},
				"poke": {
					"hash": 0111,
					"pokeKey": 7,
					"pokeName": Dottler,
					"pokePower": 621,
					"pokeType": Grass
				}
			]
		}
	},
	"row": {
		"hashPref": 0111,
		"bucket": {
			"hashLength": 3,
			"pokes": [
				"poke": {
					"hash": 0110,
					"pokeKey": 6,
					"pokeName": Latios,
					"pokePower": 457,
					"pokeType": Water
				},
				"poke": {
					"hash": 0111,
					"pokeKey": 7,
					"pokeName": Dottler,
					"pokePower": 621,
					"pokeType": Grass
				}
			]
		}
	},
	"row": {
		"hashPref": 1000,
		"bucket": {
			"hashLength": 3,
			"pokes": [
				"poke": {
					"hash": 1000,
					"pokeKey": 8,
					"pokeName": Cloyster,
					"pokePower": 717,
					"pokeType": Dark
				},
				"poke": {
					"hash": 1001,
					"pokeKey": 9,
					"pokeName": Sawsbuck,
					"pokePower": 429,
					"pokeType": Water
				}
			]
		}
	},
	"row": {
		"hashPref": 1001,
		"bucket": {
			"hashLength": 3,
			"pokes": [
				"poke": {
					"hash": 1000,
					"pokeKey": 8,
					"pokeName": Cloyster,
					"pokePower": 717,
					"pokeType": Dark
				},
				"poke": {
					"hash": 1001,
					"pokeKey": 9,
					"pokeName": Sawsbuck,
					"pokePower": 429,
					"pokeType": Water
				}
			]
		}
	},
	"row": {
		"hashPref": 1010,
		"bucket": {
			"hashLength": 3,
			"pokes": [
				"poke": {
					"hash": 1011,
					"pokeKey": 11,
					"pokeName": Cherubi,
					"pokePower": 131,
					"pokeType": Grass
				},
				"poke": {
					"hash": 1010,
					"pokeKey": 10,
					"pokeName": Anorith,
					"pokePower": 271,
					"pokeType": Psychic
				}
			]
		}
	},
	"row": {
		"hashPref": 1011,
		"bucket": {
			"hashLength": 3,
			"pokes": [
				"poke": {
					"hash": 1011,
					"pokeKey": 11,
					"pokeName": Cherubi,
					"pokePower": 131,
					"pokeType": Grass
				},
				"poke": {
					"hash": 1010,
					"pokeKey": 10,
					"pokeName": Anorith,
					"pokePower": 271,
					"pokeType": Psychic
				}
			]
		}
	},
	"row": {
		"hashPref": 1100,
		"bucket": {
			"hashLength": 3,
			"pokes": [
				"poke": {
					"hash": 1100,
					"pokeKey": 12,
					"pokeName": Poliwag,
					"pokePower": 469,
					"pokeType": Grass
				},
				"poke": {
					"hash": 1101,
					"pokeKey": 13,
					"pokeName": Mankey,
					"pokePower": 86,
					"pokeType": Fire
				}
			]
		}
	},
	"row": {
		"hashPref": 1101,
		"bucket": {
			"hashLength": 3,
			"pokes": [
				"poke": {
					"hash": 1100,
					"pokeKey": 12,
					"pokeName": Poliwag,
					"pokePower": 469,
					"pokeType": Grass
				},
				"poke": {
					"hash": 1101,
					"pokeKey": 13,
					"pokeName": Mankey,
					"pokePower": 86,
					"pokeType": Fire
				}
			]
		}
	},
	"row": {
		"hashPref": 1110,
		"bucket": {
			"hashLength": 3,
			"pokes": [
				"poke": {
					"hash": 1110,
					"pokeKey": 14,
					"pokeName": Moltres,
					"pokePower": 840,
					"pokeType": Electric
				},
				"poke": {
					"hash": 1111,
					"pokeKey": 15,
					"pokeName": Mamoswine,
					"pokePower": 932,
					"pokeType": Dark
				}
			]
		}
	},
	"row": {
		"hashPref": 1111,
		"bucket": {
			"hashLength": 3,
			"pokes": [
				"poke": {
					"hash": 1110,
					"pokeKey": 14,
					"pokeName": Moltres,
					"pokePower": 840,
					"pokeType": Electric
				},
				"poke": {
					"hash": 1111,
					"pokeKey": 15,
					"pokeName": Mamoswine,
					"pokePower": 932,
					"pokeType": Dark
				}
			]
		}
	}
}
