"table": {
	"row": {
		"hashPref": 0,
		"bucket": {
			"hashLength": 0,
			"pokes": [
			]
		}
	}
}
